Microchip MPLAB XC8 Compiler V1.35 ()

Linker command line:

-W-3 --edf=C:\Program Files (x86)\Microchip\xc8\v1.35\dat\en_msgs.txt -cs \
  -h+dist/default/production\EEPROM2.X.production.sym \
  --cmf=dist/default/production\EEPROM2.X.production.cmf -z -Q18F4550 \
  -oC:\Users\afier\AppData\Local\Temp\s7lg.2 \
  -Mdist/default/production/EEPROM2.X.production.map -E1 -ver=XC8 \
  -ASTACK=060h-07ffh -pstack=STACK -ACODE=00h-07FFFh -ACONST=00h-07FFFh \
  -ASMALLCONST=0800h-08FFhx120 -AMEDIUMCONST=0800h-07FFFh -ACOMRAM=01h-05Fh \
  -AABS1=00h-07FFh -ABIGRAM=01h-07FFh -ARAM=060h-0FFh,0100h-01FFhx7 \
  -ABANK0=060h-0FFh -ABANK1=0100h-01FFh -ABANK2=0200h-02FFh \
  -ABANK3=0300h-03FFh -ABANK4=0400h-04FFh -ABANK5=0500h-05FFh \
  -ABANK6=0600h-06FFh -ABANK7=0700h-07FFh -ASFR=0F60h-0FFFh \
  -preset_vec=00h,intcode,intcodelo,powerup,init,end_init -pramtop=0800h \
  -psmallconst=SMALLCONST -pmediumconst=MEDIUMCONST -pconst=CONST \
  -AFARRAM=00h-00h -ACONFIG=0300000h-030000Dh -pconfig=CONFIG \
  -AIDLOC=0200000h-0200007h -pidloc=IDLOC -AEEDATA=0F00000h-0F000FFh \
  -peeprom_data=EEDATA \
  -prdata=COMRAM,nvrram=COMRAM,nvbit=COMRAM,rbss=COMRAM,rbit=COMRAM \
  -pfarbss=FARRAM,fardata=FARRAM,nvFARRAM=FARRAM \
  -pintsave_regs=BIGRAM,bigbss=BIGRAM,bigdata=BIGRAM -pbss=RAM \
  -pidata=CODE,irdata=CODE,ibigdata=CODE,ifardata=CODE -prparam=COMRAM \
  C:\Users\afier\AppData\Local\Temp\s7lg.obj \
  dist/default/production\EEPROM2.X.production.obj 

Object code version is 3.11

Machine type is 18F4550

Call graph: (short form)




                Name                               Link     Load   Length Selector   Space Scale
C:\Users\afier\AppData\Local\Temp\s7lg.obj
                end_init                              0        0        4        0       0
                idloc                            200000   200000        8   200000       0
                config                           300000   300000        E   300000       0
dist/default/production\EEPROM2.X.production.obj
                smallconst                          800      800        C      400       0
                text13                              A8C      A8C       10      406       0
                text12                              AC0      AC0        8      406       0
                text11                              9D0      9D0       3A      406       0
                text10                              A66      A66       16      406       0
                text9                               A7C      A7C       10      406       0
                text8                               AB8      AB8        8      406       0
                text7                               902      902       52      406       0
                text6                               992      992       3E      406       0
                text5                               80C      80C       A4      406       0
                text4                               A3E      A3E       28      406       0
                text3                               AAA      AAA        E      406       0
                text2                               954      954       3E      406       0
                text1                               A0A      A0A       34      406       0
                text0                               8B0      8B0       52      406       0
                cstackCOMRAM                          1        1        8        1       1
                cinit                               A9C      A9C        E      406       0

TOTAL           Name                               Link     Load   Length     Space
        CLASS   STACK          

        CLASS   CODE           
                end_init                              0        0        4         0
                text13                              A8C      A8C       10         0
                text12                              AC0      AC0        8         0
                text11                              9D0      9D0       3A         0
                text10                              A66      A66       16         0
                text9                               A7C      A7C       10         0
                text8                               AB8      AB8        8         0
                text7                               902      902       52         0
                text6                               992      992       3E         0
                text5                               80C      80C       A4         0
                text4                               A3E      A3E       28         0
                text3                               AAA      AAA        E         0
                text2                               954      954       3E         0
                text1                               A0A      A0A       34         0
                text0                               8B0      8B0       52         0
                cinit                               A9C      A9C        E         0

        CLASS   CONST          

        CLASS   SMALLCONST     
                smallconst                          800      800        C         0

        CLASS   MEDIUMCONST    

        CLASS   COMRAM         
                cstackCOMRAM                          1        1        8         1

        CLASS   ABS1           

        CLASS   BIGRAM         

        CLASS   RAM            

        CLASS   BANK0          

        CLASS   BANK1          

        CLASS   BANK2          

        CLASS   BANK3          

        CLASS   BANK4          

        CLASS   BANK5          

        CLASS   BANK6          

        CLASS   BANK7          

        CLASS   SFR            

        CLASS   FARRAM         

        CLASS   CONFIG         
                config                           300000   300000        E         0

        CLASS   IDLOC          
                idloc                            200000   200000        8         0

        CLASS   EEDATA         



SEGMENTS        Name                           Load    Length   Top    Selector   Space  Class

                reset_vec                      000000  000004  000004         0       0  CODE    
                cstackCOMRAM                   000001  000008  000009         1       1  COMRAM  
                smallconst                     000800  00000C  00080C       400       0  SMALLCON
                text5                          00080C  0002BC  000AC8       406       0  CODE    
                idloc                          200000  000008  200008    200000       0  IDLOC   
                config                         300000  00000E  30000E    300000       0  CONFIG  


UNUSED ADDRESS RANGES

        Name                Unused          Largest block    Delta
        BANK0            000060-0000FF               A0
        BANK1            000100-0001FF              100
        BANK2            000200-0002FF              100
        BANK3            000300-0003FF              100
        BANK4            000400-0004FF              100
        BANK5            000500-0005FF              100
        BANK6            000600-0006FF              100
        BANK7            000700-0007FF              100
        BIGRAM           000009-0007FF              7F7
        CODE             000004-0007FF              7FC
                         000AC8-007FFF             7538
        COMRAM           000009-00005F               57
        CONST            000004-0007FF              7FC
                         000AC8-007FFF             7538
        EEDATA           F00000-F000FF              100
        MEDIUMCONST      000AC8-007FFF             7538
        RAM              000060-0007FF              100
        SFR              000F60-000FFF               A0
        SMALLCONST       000AC8-007FFF              100
        STACK            000060-0007FF              7A0

                                  Symbol Table

Delay10KTCYx@unit         cstackCOMRAM 000002
Delay10TCYx@unit          cstackCOMRAM 000001
Delay1KTCYx@unit          cstackCOMRAM 000001
OpenXLCD@lcdtype          cstackCOMRAM 000006
SetDDRamAddr@DDaddr       cstackCOMRAM 000005
WriteCmdXLCD@cmd          cstackCOMRAM 000002
WriteDataXLCD@data        cstackCOMRAM 000002
_BusyXLCD                 text11       0009D0
_Delay10KTCYx             text10       000A66
_Delay10TCYx              text13       000A8C
_Delay1KTCYx              text9        000A7C
_DelayFor18TCY            text12       000AC0
_DelayPORXLCD             text8        000AB8
_EEADR                    (abs)        000FA9
_EECON1bits               (abs)        000FA6
_EECON2                   (abs)        000FA7
_EEDATA                   (abs)        000FA8
_INTCONbits               (abs)        000FF2
_LATBbits                 (abs)        000F8A
_OpenXLCD                 text5        00080C
_PORTB                    (abs)        000F81
_SetDDRamAddr             text7        000902
_TRISB                    (abs)        000F93
_TRISBbits                (abs)        000F93
_WriteCmdXLCD             text6        000992
_WriteDataXLCD            text2        000954
__CFG_BOR$OFF             (abs)        000000
__CFG_CPUDIV$OSC1_PLL2    (abs)        000000
__CFG_FCMEN$OFF           (abs)        000000
__CFG_FOSC$HSPLL_HS       (abs)        000000
__CFG_ICPRT$OFF           (abs)        000000
__CFG_IESO$OFF            (abs)        000000
__CFG_LPT1OSC$OFF         (abs)        000000
__CFG_LVP$OFF             (abs)        000000
__CFG_MCLRE$ON            (abs)        000000
__CFG_PBADEN$OFF          (abs)        000000
__CFG_PLLDIV$5            (abs)        000000
__CFG_PWRT$OFF            (abs)        000000
__CFG_STVREN$ON           (abs)        000000
__CFG_USBDIV$2            (abs)        000000
__CFG_VREGEN$OFF          (abs)        000000
__CFG_WDT$OFF             (abs)        000000
__CFG_WDTPS$32768         (abs)        000000
__CFG_XINST$OFF           (abs)        000000
__HRAM                    (abs)        000000
__Habs1                   abs1         000000
__Hbank0                  bank0        000000
__Hbank1                  bank1        000000
__Hbank2                  bank2        000000
__Hbank3                  bank3        000000
__Hbank4                  bank4        000000
__Hbank5                  bank5        000000
__Hbank6                  bank6        000000
__Hbank7                  bank7        000000
__Hbigbss                 bigbss       000000
__Hbigdata                bigdata      000000
__Hbigram                 bigram       000000
__Hbss                    bss          000000
__Hcinit                  cinit        000000
__Hclrtext                clrtext      000000
__Hcomram                 comram       000000
__Hconfig                 config       30000E
__Hconst                  const        000000
__HcstackCOMRAM           cstackCOMRAM 000000
__Hdata                   data         000000
__Heeprom_data            eeprom_data  000000
__Hend_init               end_init     000004
__Hfarbss                 farbss       000000
__Hfardata                fardata      000000
__Hibigdata               ibigdata     000000
__Hidata                  idata        000000
__Hidloc                  idloc        200008
__Hifardata               ifardata     000000
__Hinit                   init         000000
__Hintcode                intcode      000000
__Hintcode_body           intcode_body 000000
__Hintcodelo              intcodelo    000000
__Hintentry               intentry     000000
__Hintret                 intret       000000
__Hintsave_regs           intsave_regs 000000
__Hirdata                 irdata       000000
__Hmediumconst            mediumconst  000000
__HnvFARRAM               nvFARRAM     000000
__Hnvbit                  nvbit        000000
__Hnvrram                 nvrram       000000
__Hparam                  rparam       000000
__Hpowerup                powerup      000000
__Hram                    ram          000000
__Hramtop                 ramtop       000800
__Hrbit                   rbit         000000
__Hrbss                   rbss         000000
__Hrdata                  rdata        000000
__Hreset_vec              reset_vec    000000
__Hrparam                 rparam       000000
__Hsfr                    sfr          000000
__Hsmallconst             smallconst   00080C
__Hspace_0                (abs)        30000E
__Hspace_1                (abs)        000009
__Hspace_2                (abs)        000000
__Hstack                  stack        000000
__Hstruct                 struct       000000
__Htemp                   temp         000000
__Htext                   text         000000
__Htext0                  text0        000000
__Htext1                  text1        000000
__Htext10                 text10       000000
__Htext11                 text11       000000
__Htext12                 text12       000000
__Htext13                 text13       000000
__Htext2                  text2        000000
__Htext3                  text3        000000
__Htext4                  text4        000000
__Htext5                  text5        000000
__Htext6                  text6        000000
__Htext7                  text7        000000
__Htext8                  text8        000000
__Htext9                  text9        000000
__LRAM                    (abs)        000001
__Labs1                   abs1         000000
__Lbank0                  bank0        000000
__Lbank1                  bank1        000000
__Lbank2                  bank2        000000
__Lbank3                  bank3        000000
__Lbank4                  bank4        000000
__Lbank5                  bank5        000000
__Lbank6                  bank6        000000
__Lbank7                  bank7        000000
__Lbigbss                 bigbss       000000
__Lbigdata                bigdata      000000
__Lbigram                 bigram       000000
__Lbss                    bss          000000
__Lcinit                  cinit        000000
__Lclrtext                clrtext      000000
__Lcomram                 comram       000000
__Lconfig                 config       300000
__Lconst                  const        000000
__LcstackCOMRAM           cstackCOMRAM 000000
__Ldata                   data         000000
__Leeprom_data            eeprom_data  000000
__Lend_init               end_init     000000
__Lfarbss                 farbss       000000
__Lfardata                fardata      000000
__Libigdata               ibigdata     000000
__Lidata                  idata        000000
__Lidloc                  idloc        200000
__Lifardata               ifardata     000000
__Linit                   init         000000
__Lintcode                intcode      000000
__Lintcode_body           intcode_body 000000
__Lintcodelo              intcodelo    000000
__Lintentry               intentry     000000
__Lintret                 intret       000000
__Lintsave_regs           intsave_regs 000000
__Lirdata                 irdata       000000
__Lmediumconst            mediumconst  000000
__LnvFARRAM               nvFARRAM     000000
__Lnvbit                  nvbit        000000
__Lnvrram                 nvrram       000000
__Lparam                  rparam       000000
__Lpowerup                powerup      000000
__Lram                    ram          000000
__Lramtop                 ramtop       000800
__Lrbit                   rbit         000000
__Lrbss                   rbss         000000
__Lrdata                  rdata        000000
__Lreset_vec              reset_vec    000000
__Lrparam                 rparam       000000
__Lsfr                    sfr          000000
__Lsmallconst             smallconst   000800
__Lspace_0                (abs)        000000
__Lspace_1                (abs)        000000
__Lspace_2                (abs)        000000
__Lstack                  stack        000000
__Lstruct                 struct       000000
__Ltemp                   temp         000000
__Ltext                   text         000000
__Ltext0                  text0        000000
__Ltext1                  text1        000000
__Ltext10                 text10       000000
__Ltext11                 text11       000000
__Ltext12                 text12       000000
__Ltext13                 text13       000000
__Ltext2                  text2        000000
__Ltext3                  text3        000000
__Ltext4                  text4        000000
__Ltext5                  text5        000000
__Ltext6                  text6        000000
__Ltext7                  text7        000000
__Ltext8                  text8        000000
__Ltext9                  text9        000000
__S0                      (abs)        30000E
__S1                      (abs)        000009
__S2                      (abs)        000000
___inthi_sp               stack        000000
___intlo_sp               stack        000000
___param_bank             (abs)        000010
___rparam_used            (abs)        000001
___sp                     stack        000000
__accesstop               (abs)        000060
__activetblptr            (abs)        000001
__end_of_BusyXLCD         text11       000A0A
__end_of_Delay10KTCYx     text10       000A7C
__end_of_Delay10TCYx      text13       000A9C
__end_of_Delay1KTCYx      text9        000A8C
__end_of_DelayFor18TCY    text12       000AC8
__end_of_DelayPORXLCD     text8        000AC0
__end_of_OpenXLCD         text5        0008B0
__end_of_SetDDRamAddr     text7        000954
__end_of_WriteCmdXLCD     text6        0009D0
__end_of_WriteDataXLCD    text2        000992
__end_of__initialization  cinit        000A9C
__end_of_escribir_eeprom  text4        000A66
__end_of_leer_eeprom      text3        000AB8
__end_of_main             text0        000902
__end_of_putrsXLCD        text1        000A3E
__initialization          cinit        000A9C
__mediumconst             mediumconst  000000
__pcinit                  cinit        000A9C
__pcstackCOMRAM           cstackCOMRAM 000001
__psmallconst             smallconst   000800
__ptext0                  text0        0008B0
__ptext1                  text1        000A0A
__ptext10                 text10       000A66
__ptext11                 text11       0009D0
__ptext12                 text12       000AC0
__ptext13                 text13       000A8C
__ptext2                  text2        000954
__ptext3                  text3        000AAA
__ptext4                  text4        000A3E
__ptext5                  text5        00080C
__ptext6                  text6        000992
__ptext7                  text7        000902
__ptext8                  text8        000AB8
__ptext9                  text9        000A7C
__ramtop                  ramtop       000800
__size_of_BusyXLCD        (abs)        000000
__size_of_Delay10KTCYx    (abs)        000000
__size_of_Delay10TCYx     (abs)        000000
__size_of_Delay1KTCYx     (abs)        000000
__size_of_DelayFor18TCY   (abs)        000000
__size_of_DelayPORXLCD    (abs)        000000
__size_of_OpenXLCD        (abs)        000000
__size_of_SetDDRamAddr    (abs)        000000
__size_of_WriteCmdXLCD    (abs)        000000
__size_of_WriteDataXLCD   (abs)        000000
__size_of_escribir_eeprom (abs)        000000
__size_of_leer_eeprom     (abs)        000000
__size_of_main            (abs)        000000
__size_of_putrsXLCD       (abs)        000000
__smallconst              smallconst   000800
_escribir_eeprom          text4        000A3E
_leer_eeprom              text3        000AAA
_main                     text0        0008B0
_putrsXLCD                text1        000A0A
end_of_initialization     cinit        000A9C
escribir_eeprom@dato      cstackCOMRAM 000001
escribir_eeprom@direccion cstackCOMRAM 000002
intlevel0                 text         000000
intlevel1                 text         000000
intlevel2                 text         000000
intlevel3                 text         000000
leer_eeprom@direccion     cstackCOMRAM 000001
main@letra                cstackCOMRAM 000008
main@simbolo              cstackCOMRAM 000007
putrsXLCD@buffer          cstackCOMRAM 000003
stackhi                   (abs)        0007FF
stacklo                   (abs)        000060
start                     init         000000
start_initialization      cinit        000A9C


FUNCTION INFORMATION:

 *************** function _main *****************
 Defined at:
		line 55 in file "EEPROM2_main.c"
 Parameters:    Size  Location     Type
		None
 Auto vars:     Size  Location     Type
  simbolo         1    6[COMRAM] unsigned char 
  letra           1    7[COMRAM] unsigned char 
 Return value:  Size  Location     Type
                  2   40[None  ] int 
 Registers used:
		wreg, status,2, status,0, tblptrl, tblptrh, tblptru, cstack
 Tracked objects:
		On entry : 
		On exit  : 
		Unchanged: 
 Data sizes:     COMRAM   BANK0   BANK1   BANK2   BANK3   BANK4   BANK5   BANK6   BANK7
      Params:         0       0       0       0       0       0       0       0       0
      Locals:         2       0       0       0       0       0       0       0       0
      Temps:          0       0       0       0       0       0       0       0       0
      Totals:         2       0       0       0       0       0       0       0       0
Total ram usage:        2 bytes
 Hardware stack levels required when called:    4
 This function calls:
		_BusyXLCD
		_OpenXLCD
		_SetDDRamAddr
		_WriteCmdXLCD
		_WriteDataXLCD
		_escribir_eeprom
		_leer_eeprom
		_putrsXLCD
 This function is called by:
		Startup code after reset
 This function uses a non-reentrant model


 *************** function _putrsXLCD *****************
 Defined at:
		line 16 in file "C:\Program Files (x86)\Microchip\xc8\v1.35\sources\pic18\plib\XLCD\putrxlcd.c"
 Parameters:    Size  Location     Type
  buffer          2    2[COMRAM] PTR const unsigned char 
		 -> STR_1(10), 
 Auto vars:     Size  Location     Type
		None
 Return value:  Size  Location     Type
		None               void
 Registers used:
		wreg, status,2, status,0, tblptrl, tblptrh, tblptru, cstack
 Tracked objects:
		On entry : 
		On exit  : 
		Unchanged: 
 Data sizes:     COMRAM   BANK0   BANK1   BANK2   BANK3   BANK4   BANK5   BANK6   BANK7
      Params:         2       0       0       0       0       0       0       0       0
      Locals:         0       0       0       0       0       0       0       0       0
      Temps:          0       0       0       0       0       0       0       0       0
      Totals:         2       0       0       0       0       0       0       0       0
Total ram usage:        2 bytes
 Hardware stack levels used:    1
 Hardware stack levels required when called:    3
 This function calls:
		_BusyXLCD
		_WriteDataXLCD
 This function is called by:
		_main
 This function uses a non-reentrant model


 *************** function _WriteDataXLCD *****************
 Defined at:
		line 16 in file "C:\Program Files (x86)\Microchip\xc8\v1.35\sources\pic18\plib\XLCD\writdata.c"
 Parameters:    Size  Location     Type
  data            1    wreg     unsigned char 
 Auto vars:     Size  Location     Type
  data            1    1[COMRAM] unsigned char 
 Return value:  Size  Location     Type
		None               void
 Registers used:
		wreg, status,2, status,0, cstack
 Tracked objects:
		On entry : 
		On exit  : 
		Unchanged: 
 Data sizes:     COMRAM   BANK0   BANK1   BANK2   BANK3   BANK4   BANK5   BANK6   BANK7
      Params:         0       0       0       0       0       0       0       0       0
      Locals:         1       0       0       0       0       0       0       0       0
      Temps:          0       0       0       0       0       0       0       0       0
      Totals:         1       0       0       0       0       0       0       0       0
Total ram usage:        1 bytes
 Hardware stack levels used:    1
 Hardware stack levels required when called:    2
 This function calls:
		_DelayFor18TCY
 This function is called by:
		_main
		_putrsXLCD
 This function uses a non-reentrant model


 *************** function _leer_eeprom *****************
 Defined at:
		line 47 in file "EEPROM2_main.c"
 Parameters:    Size  Location     Type
  direccion       1    wreg     unsigned char 
 Auto vars:     Size  Location     Type
  direccion       1    0[COMRAM] unsigned char 
 Return value:  Size  Location     Type
                  1    wreg      unsigned char 
 Registers used:
		wreg, status,2
 Tracked objects:
		On entry : 
		On exit  : 
		Unchanged: 
 Data sizes:     COMRAM   BANK0   BANK1   BANK2   BANK3   BANK4   BANK5   BANK6   BANK7
      Params:         0       0       0       0       0       0       0       0       0
      Locals:         1       0       0       0       0       0       0       0       0
      Temps:          0       0       0       0       0       0       0       0       0
      Totals:         1       0       0       0       0       0       0       0       0
Total ram usage:        1 bytes
 Hardware stack levels used:    1
 This function calls:
		Nothing
 This function is called by:
		_main
 This function uses a non-reentrant model


 *************** function _escribir_eeprom *****************
 Defined at:
		line 32 in file "EEPROM2_main.c"
 Parameters:    Size  Location     Type
  direccion       1    wreg     unsigned char 
  dato            1    0[COMRAM] unsigned char 
 Auto vars:     Size  Location     Type
  direccion       1    1[COMRAM] unsigned char 
 Return value:  Size  Location     Type
		None               void
 Registers used:
		wreg, status,2
 Tracked objects:
		On entry : 
		On exit  : 
		Unchanged: 
 Data sizes:     COMRAM   BANK0   BANK1   BANK2   BANK3   BANK4   BANK5   BANK6   BANK7
      Params:         1       0       0       0       0       0       0       0       0
      Locals:         1       0       0       0       0       0       0       0       0
      Temps:          0       0       0       0       0       0       0       0       0
      Totals:         2       0       0       0       0       0       0       0       0
Total ram usage:        2 bytes
 Hardware stack levels used:    1
 This function calls:
		Nothing
 This function is called by:
		_main
 This function uses a non-reentrant model


 *************** function _OpenXLCD *****************
 Defined at:
		line 19 in file "C:\Program Files (x86)\Microchip\xc8\v1.35\sources\pic18\plib\XLCD\openxlcd.c"
 Parameters:    Size  Location     Type
  lcdtype         1    wreg     unsigned char 
 Auto vars:     Size  Location     Type
  lcdtype         1    5[COMRAM] unsigned char 
 Return value:  Size  Location     Type
		None               void
 Registers used:
		wreg, status,2, status,0, cstack
 Tracked objects:
		On entry : 
		On exit  : 
		Unchanged: 
 Data sizes:     COMRAM   BANK0   BANK1   BANK2   BANK3   BANK4   BANK5   BANK6   BANK7
      Params:         0       0       0       0       0       0       0       0       0
      Locals:         1       0       0       0       0       0       0       0       0
      Temps:          0       0       0       0       0       0       0       0       0
      Totals:         1       0       0       0       0       0       0       0       0
Total ram usage:        1 bytes
 Hardware stack levels used:    1
 Hardware stack levels required when called:    3
 This function calls:
		_BusyXLCD
		_Delay10KTCYx
		_DelayPORXLCD
		_SetDDRamAddr
		_WriteCmdXLCD
 This function is called by:
		_main
 This function uses a non-reentrant model


 *************** function _WriteCmdXLCD *****************
 Defined at:
		line 13 in file "C:\Program Files (x86)\Microchip\xc8\v1.35\sources\pic18\plib\XLCD\wcmdxlcd.c"
 Parameters:    Size  Location     Type
  cmd             1    wreg     unsigned char 
 Auto vars:     Size  Location     Type
  cmd             1    1[COMRAM] unsigned char 
 Return value:  Size  Location     Type
		None               void
 Registers used:
		wreg, status,2, status,0, cstack
 Tracked objects:
		On entry : 
		On exit  : 
		Unchanged: 
 Data sizes:     COMRAM   BANK0   BANK1   BANK2   BANK3   BANK4   BANK5   BANK6   BANK7
      Params:         0       0       0       0       0       0       0       0       0
      Locals:         1       0       0       0       0       0       0       0       0
      Temps:          0       0       0       0       0       0       0       0       0
      Totals:         1       0       0       0       0       0       0       0       0
Total ram usage:        1 bytes
 Hardware stack levels used:    1
 Hardware stack levels required when called:    2
 This function calls:
		_DelayFor18TCY
 This function is called by:
		_main
		_OpenXLCD
 This function uses a non-reentrant model


 *************** function _SetDDRamAddr *****************
 Defined at:
		line 13 in file "C:\Program Files (x86)\Microchip\xc8\v1.35\sources\pic18\plib\XLCD\setddram.c"
 Parameters:    Size  Location     Type
  DDaddr          1    wreg     unsigned char 
 Auto vars:     Size  Location     Type
  DDaddr          1    4[COMRAM] unsigned char 
 Return value:  Size  Location     Type
		None               void
 Registers used:
		wreg, status,2, status,0, cstack
 Tracked objects:
		On entry : 
		On exit  : 
		Unchanged: 
 Data sizes:     COMRAM   BANK0   BANK1   BANK2   BANK3   BANK4   BANK5   BANK6   BANK7
      Params:         0       0       0       0       0       0       0       0       0
      Locals:         1       0       0       0       0       0       0       0       0
      Temps:          3       0       0       0       0       0       0       0       0
      Totals:         4       0       0       0       0       0       0       0       0
Total ram usage:        4 bytes
 Hardware stack levels used:    1
 Hardware stack levels required when called:    2
 This function calls:
		_DelayFor18TCY
 This function is called by:
		_main
		_OpenXLCD
 This function uses a non-reentrant model


 *************** function _DelayPORXLCD *****************
 Defined at:
		line 86 in file "EEPROM2_main.c"
 Parameters:    Size  Location     Type
		None
 Auto vars:     Size  Location     Type
		None
 Return value:  Size  Location     Type
		None               void
 Registers used:
		wreg, cstack
 Tracked objects:
		On entry : 
		On exit  : 
		Unchanged: 
 Data sizes:     COMRAM   BANK0   BANK1   BANK2   BANK3   BANK4   BANK5   BANK6   BANK7
      Params:         0       0       0       0       0       0       0       0       0
      Locals:         0       0       0       0       0       0       0       0       0
      Temps:          0       0       0       0       0       0       0       0       0
      Totals:         0       0       0       0       0       0       0       0       0
Total ram usage:        0 bytes
 Hardware stack levels used:    1
 Hardware stack levels required when called:    1
 This function calls:
		_Delay1KTCYx
 This function is called by:
		_OpenXLCD
 This function uses a non-reentrant model


 *************** function _Delay1KTCYx *****************
 Defined at:
		line 8 in file "C:\Program Files (x86)\Microchip\xc8\v1.35\sources\pic18\d1ktcyx.c"
 Parameters:    Size  Location     Type
  unit            1    wreg     unsigned char 
 Auto vars:     Size  Location     Type
  unit            1    0[COMRAM] unsigned char 
 Return value:  Size  Location     Type
		None               void
 Registers used:
		wreg
 Tracked objects:
		On entry : 
		On exit  : 
		Unchanged: 
 Data sizes:     COMRAM   BANK0   BANK1   BANK2   BANK3   BANK4   BANK5   BANK6   BANK7
      Params:         0       0       0       0       0       0       0       0       0
      Locals:         1       0       0       0       0       0       0       0       0
      Temps:          0       0       0       0       0       0       0       0       0
      Totals:         1       0       0       0       0       0       0       0       0
Total ram usage:        1 bytes
 Hardware stack levels used:    1
 This function calls:
		Nothing
 This function is called by:
		_DelayPORXLCD
		_DelayXLCD
 This function uses a non-reentrant model


 *************** function _Delay10KTCYx *****************
 Defined at:
		line 8 in file "C:\Program Files (x86)\Microchip\xc8\v1.35\sources\pic18\d10ktcyx.c"
 Parameters:    Size  Location     Type
  unit            1    wreg     unsigned char 
 Auto vars:     Size  Location     Type
  unit            1    1[COMRAM] unsigned char 
 Return value:  Size  Location     Type
		None               void
 Registers used:
		wreg
 Tracked objects:
		On entry : 
		On exit  : 
		Unchanged: 
 Data sizes:     COMRAM   BANK0   BANK1   BANK2   BANK3   BANK4   BANK5   BANK6   BANK7
      Params:         0       0       0       0       0       0       0       0       0
      Locals:         1       0       0       0       0       0       0       0       0
      Temps:          1       0       0       0       0       0       0       0       0
      Totals:         2       0       0       0       0       0       0       0       0
Total ram usage:        2 bytes
 Hardware stack levels used:    1
 This function calls:
		Nothing
 This function is called by:
		_OpenXLCD
 This function uses a non-reentrant model


 *************** function _BusyXLCD *****************
 Defined at:
		line 11 in file "C:\Program Files (x86)\Microchip\xc8\v1.35\sources\pic18\plib\XLCD\busyxlcd.c"
 Parameters:    Size  Location     Type
		None
 Auto vars:     Size  Location     Type
		None
 Return value:  Size  Location     Type
                  1    wreg      unsigned char 
 Registers used:
		wreg, cstack
 Tracked objects:
		On entry : 
		On exit  : 
		Unchanged: 
 Data sizes:     COMRAM   BANK0   BANK1   BANK2   BANK3   BANK4   BANK5   BANK6   BANK7
      Params:         0       0       0       0       0       0       0       0       0
      Locals:         0       0       0       0       0       0       0       0       0
      Temps:          0       0       0       0       0       0       0       0       0
      Totals:         0       0       0       0       0       0       0       0       0
Total ram usage:        0 bytes
 Hardware stack levels used:    1
 Hardware stack levels required when called:    2
 This function calls:
		_DelayFor18TCY
 This function is called by:
		_main
		_OpenXLCD
		_putrsXLCD
 This function uses a non-reentrant model


 *************** function _DelayFor18TCY *****************
 Defined at:
		line 81 in file "EEPROM2_main.c"
 Parameters:    Size  Location     Type
		None
 Auto vars:     Size  Location     Type
		None
 Return value:  Size  Location     Type
		None               void
 Registers used:
		wreg, cstack
 Tracked objects:
		On entry : 
		On exit  : 
		Unchanged: 
 Data sizes:     COMRAM   BANK0   BANK1   BANK2   BANK3   BANK4   BANK5   BANK6   BANK7
      Params:         0       0       0       0       0       0       0       0       0
      Locals:         0       0       0       0       0       0       0       0       0
      Temps:          0       0       0       0       0       0       0       0       0
      Totals:         0       0       0       0       0       0       0       0       0
Total ram usage:        0 bytes
 Hardware stack levels used:    1
 Hardware stack levels required when called:    1
 This function calls:
		_Delay10TCYx
 This function is called by:
		_BusyXLCD
		_SetDDRamAddr
		_WriteCmdXLCD
		_WriteDataXLCD
 This function uses a non-reentrant model


 *************** function _Delay10TCYx *****************
 Defined at:
		line 8 in file "C:\Program Files (x86)\Microchip\xc8\v1.35\sources\pic18\d10tcyx.c"
 Parameters:    Size  Location     Type
  unit            1    wreg     unsigned char 
 Auto vars:     Size  Location     Type
  unit            1    0[COMRAM] unsigned char 
 Return value:  Size  Location     Type
		None               void
 Registers used:
		wreg
 Tracked objects:
		On entry : 
		On exit  : 
		Unchanged: 
 Data sizes:     COMRAM   BANK0   BANK1   BANK2   BANK3   BANK4   BANK5   BANK6   BANK7
      Params:         0       0       0       0       0       0       0       0       0
      Locals:         1       0       0       0       0       0       0       0       0
      Temps:          0       0       0       0       0       0       0       0       0
      Totals:         1       0       0       0       0       0       0       0       0
Total ram usage:        1 bytes
 Hardware stack levels used:    1
 This function calls:
		Nothing
 This function is called by:
		_DelayFor18TCY
 This function uses a non-reentrant model



MODULE INFORMATION

Module		Function		Class		Link	Load	Size
C:\Program Files (x86)\Microchip\xc8\v1.35\sources\pic18\plib\XLCD\putrxlcd.c
		_putrsXLCD     		CODE           	0A0A	0000	53

C:\Program Files (x86)\Microchip\xc8\v1.35\sources\pic18\plib\XLCD\putrxlcd.c estimated size: 53

C:\Program Files (x86)\Microchip\xc8\v1.35\sources\pic18\plib\XLCD\setddram.c
		_SetDDRamAddr  		CODE           	0902	0000	83

C:\Program Files (x86)\Microchip\xc8\v1.35\sources\pic18\plib\XLCD\setddram.c estimated size: 83

EEPROM2_main.c
		_leer_eeprom   		CODE           	0AAA	0000	15
		_escribir_eeprom		CODE           	0A3E	0000	41
		_main          		CODE           	08B0	0000	83
		_DelayFor18TCY 		CODE           	0AC0	0000	9
		_DelayPORXLCD  		CODE           	0AB8	0000	9

EEPROM2_main.c estimated size: 157

C:\Program Files (x86)\Microchip\xc8\v1.35\sources\pic18\plib\XLCD\openxlcd.c
		_OpenXLCD      		CODE           	080C	0000	165

C:\Program Files (x86)\Microchip\xc8\v1.35\sources\pic18\plib\XLCD\openxlcd.c estimated size: 165

C:\Program Files (x86)\Microchip\xc8\v1.35\sources\pic18\plib\XLCD\busyxlcd.c
		_BusyXLCD      		CODE           	09D0	0000	59

C:\Program Files (x86)\Microchip\xc8\v1.35\sources\pic18\plib\XLCD\busyxlcd.c estimated size: 59

C:\Program Files (x86)\Microchip\xc8\v1.35\sources\pic18\d10tcyx.c
		_Delay10TCYx   		CODE           	0A8C	0000	17

C:\Program Files (x86)\Microchip\xc8\v1.35\sources\pic18\d10tcyx.c estimated size: 17

C:\Program Files (x86)\Microchip\xc8\v1.35\sources\pic18\plib\XLCD\wcmdxlcd.c
		_WriteCmdXLCD  		CODE           	0992	0000	63

C:\Program Files (x86)\Microchip\xc8\v1.35\sources\pic18\plib\XLCD\wcmdxlcd.c estimated size: 63

shared
		__initialization		CODE           	0A9C	0000	1

shared estimated size: 1

C:\Program Files (x86)\Microchip\xc8\v1.35\sources\pic18\d10ktcyx.c
		_Delay10KTCYx  		CODE           	0A66	0000	23

C:\Program Files (x86)\Microchip\xc8\v1.35\sources\pic18\d10ktcyx.c estimated size: 23

C:\Program Files (x86)\Microchip\xc8\v1.35\sources\pic18\d1ktcyx.c
		_Delay1KTCYx   		CODE           	0A7C	0000	17

C:\Program Files (x86)\Microchip\xc8\v1.35\sources\pic18\d1ktcyx.c estimated size: 17

C:\Program Files (x86)\Microchip\xc8\v1.35\sources\pic18\plib\XLCD\writdata.c
		_WriteDataXLCD 		CODE           	0954	0000	63

C:\Program Files (x86)\Microchip\xc8\v1.35\sources\pic18\plib\XLCD\writdata.c estimated size: 63

