Microchip MPLAB XC8 Compiler V1.35 ()

Linker command line:

-W-3 --edf=C:\Program Files (x86)\Microchip\xc8\v1.35\dat\en_msgs.txt -cs \
  -h+dist/default/production\Horno.X.production.sym \
  --cmf=dist/default/production\Horno.X.production.cmf -z -Q18F4550 \
  -oC:\Users\afier\AppData\Local\Temp\sra4.2 \
  -Mdist/default/production/Horno.X.production.map -E1 -ver=XC8 \
  -ASTACK=072h-07ffh -pstack=STACK -ACODE=00h-07FFFh -ACONST=00h-07FFFh \
  -ASMALLCONST=0800h-08FFhx120 -AMEDIUMCONST=0800h-07FFFh -ACOMRAM=01h-05Fh \
  -AABS1=00h-07FFh -ABIGRAM=01h-07FFh -ARAM=060h-0FFh,0100h-01FFhx7 \
  -ABANK0=060h-0FFh -ABANK1=0100h-01FFh -ABANK2=0200h-02FFh \
  -ABANK3=0300h-03FFh -ABANK4=0400h-04FFh -ABANK5=0500h-05FFh \
  -ABANK6=0600h-06FFh -ABANK7=0700h-07FFh -ASFR=0F60h-0FFFh \
  -preset_vec=00h,intcode,intcodelo,powerup,init,end_init -pramtop=0800h \
  -psmallconst=SMALLCONST -pmediumconst=MEDIUMCONST -pconst=CONST \
  -AFARRAM=00h-00h -ACONFIG=0300000h-030000Dh -pconfig=CONFIG \
  -AIDLOC=0200000h-0200007h -pidloc=IDLOC -AEEDATA=0F00000h-0F000FFh \
  -peeprom_data=EEDATA \
  -prdata=COMRAM,nvrram=COMRAM,nvbit=COMRAM,rbss=COMRAM,rbit=COMRAM \
  -pfarbss=FARRAM,fardata=FARRAM,nvFARRAM=FARRAM \
  -pintsave_regs=BIGRAM,bigbss=BIGRAM,bigdata=BIGRAM -pbss=RAM \
  -pidata=CODE,irdata=CODE,ibigdata=CODE,ifardata=CODE -prparam=COMRAM \
  C:\Users\afier\AppData\Local\Temp\sra4.obj \
  dist/default/production\Horno.X.production.obj 

Object code version is 3.11

Machine type is 18F4550

Call graph: (short form)




                Name                               Link     Load   Length Selector   Space Scale
C:\Users\afier\AppData\Local\Temp\sra4.obj
                end_init                              0        0        4        0       0
                idloc                            200000   200000        8   200000       0
                config                           300000   300000        E   300000       0
dist/default/production\Horno.X.production.obj
                smallconst                          800      800       12      400       0
                text26                             13DA     13DA        C      409       0
                text25                             1406     1406        4      9F8       0
                text24                             114A     114A       5E      409       0
                text23                             139A     139A       12      409       0
                text22                             1368     1368       1C      409       0
                text21                             13BC     13BC       10      409       0
                text20                             13F8     13F8        8      9F8       0
                text19                             12B0     12B0       3A      409       0
                text18                             1384     1384       16      409       0
                text17                             13AC     13AC       10      409       0
                text16                             13F0     13F0        8      9F8       0
                text15                             11A8     11A8       52      409       0
                text14                             1238     1238       3E      409       0
                text13                              F4C      F4C       A4      409       0
                text12                             13CC     13CC        E      409       0
                text11                             1276     1276       3A      409       0
                text10                              FF0      FF0       84      409       0
                text9                              1074     1074       70      409       0
                text8                               E9E      E9E       AE      409       0
                text7                               B18      B18      1AC      409       0
                text6                               DB8      DB8       E6      409       0
                text5                               CC4      CC4       F4      409       0
                text4                              1344     1344       24      409       0
                text3                              131E     131E       26      409       0
                text2                              11FA     11FA       3E      409       0
                text1                              12EA     12EA       34      409       0
                text0                               812      812      306      409       0
                cstackCOMRAM                          1        1       3B        1       1
                dataBANK0                            69       69        9       60       1
                bssBANK0                             60       60        9       60       1
                dataCOMRAM                           5A       5A        6        1       1
                bssCOMRAM                            3C       3C       1E        1       1
                cinit                              10E4     10E4       66      409       0
                idataBANK0                         13E6     13E6        9      409       0
                idataCOMRAM                        1400     1400        6      9F8       0

TOTAL           Name                               Link     Load   Length     Space
        CLASS   STACK          

        CLASS   CODE           
                end_init                              0        0        4         0
                text26                             13DA     13DA        C         0
                text25                             1406     1406        4         0
                text24                             114A     114A       5E         0
                text23                             139A     139A       12         0
                text22                             1368     1368       1C         0
                text21                             13BC     13BC       10         0
                text20                             13F8     13F8        8         0
                text19                             12B0     12B0       3A         0
                text18                             1384     1384       16         0
                text17                             13AC     13AC       10         0
                text16                             13F0     13F0        8         0
                text15                             11A8     11A8       52         0
                text14                             1238     1238       3E         0
                text13                              F4C      F4C       A4         0
                text12                             13CC     13CC        E         0
                text11                             1276     1276       3A         0
                text10                              FF0      FF0       84         0
                text9                              1074     1074       70         0
                text8                               E9E      E9E       AE         0
                text7                               B18      B18      1AC         0
                text6                               DB8      DB8       E6         0
                text5                               CC4      CC4       F4         0
                text4                              1344     1344       24         0
                text3                              131E     131E       26         0
                text2                              11FA     11FA       3E         0
                text1                              12EA     12EA       34         0
                text0                               812      812      306         0
                cinit                              10E4     10E4       66         0
                idataBANK0                         13E6     13E6        9         0
                idataCOMRAM                        1400     1400        6         0

        CLASS   CONST          

        CLASS   SMALLCONST     
                smallconst                          800      800       12         0

        CLASS   MEDIUMCONST    

        CLASS   COMRAM         
                cstackCOMRAM                          1        1       3B         1
                dataCOMRAM                           5A       5A        6         1
                bssCOMRAM                            3C       3C       1E         1

        CLASS   ABS1           

        CLASS   BIGRAM         

        CLASS   RAM            

        CLASS   BANK0          
                dataBANK0                            69       69        9         1
                bssBANK0                             60       60        9         1

        CLASS   BANK1          

        CLASS   BANK2          

        CLASS   BANK3          

        CLASS   BANK4          

        CLASS   BANK5          

        CLASS   BANK6          

        CLASS   BANK7          

        CLASS   SFR            

        CLASS   FARRAM         

        CLASS   CONFIG         
                config                           300000   300000        E         0

        CLASS   IDLOC          
                idloc                            200000   200000        8         0

        CLASS   EEDATA         



SEGMENTS        Name                           Load    Length   Top    Selector   Space  Class

                reset_vec                      000000  000004  000004         0       0  CODE    
                cstackCOMRAM                   000001  00005F  000060         1       1  COMRAM  
                bssBANK0                       000060  000012  000072        60       1  BANK0   
                smallconst                     000800  000012  000812       400       0  SMALLCON
                text0                          000812  000BDD  0013EF       409       0  CODE    
                text16                         0013F0  00001A  00140A       9F8       0  CODE    
                idloc                          200000  000008  200008    200000       0  IDLOC   
                config                         300000  00000E  30000E    300000       0  CONFIG  


UNUSED ADDRESS RANGES

        Name                Unused          Largest block    Delta
        BANK0            000072-0000FF               8E
        BANK1            000100-0001FF              100
        BANK2            000200-0002FF              100
        BANK3            000300-0003FF              100
        BANK4            000400-0004FF              100
        BANK5            000500-0005FF              100
        BANK6            000600-0006FF              100
        BANK7            000700-0007FF              100
        BIGRAM           000072-0007FF              78E
        CODE             000004-0007FF              7FC
                         0013EF-0013EF                1
                         00140A-007FFF             6BF6
        CONST            000004-0007FF              7FC
                         0013EF-0013EF                1
                         00140A-007FFF             6BF6
        EEDATA           F00000-F000FF              100
        MEDIUMCONST      0013EF-0013EF                1
                         00140A-007FFF             6BF6
        RAM              000072-0007FF              100
        SFR              000F60-000FFF               A0
        SMALLCONST       0013EF-0013EF                1
                         00140A-007FFF              100
        STACK            000072-0007FF              78E

                                  Symbol Table

?_ReadADC                cstackCOMRAM 000001
?___awdiv                cstackCOMRAM 000007
?___awmod                cstackCOMRAM 000001
?___ftadd                cstackCOMRAM 00002A
?___ftdiv                cstackCOMRAM 000018
?___ftmul                cstackCOMRAM 000009
?___ftneg                cstackCOMRAM 000027
?___ftpack               cstackCOMRAM 000001
?___wmul                 cstackCOMRAM 000001
Delay10KTCYx@unit        cstackCOMRAM 000002
Delay10TCYx@unit         cstackCOMRAM 000001
Delay1KTCYx@unit         cstackCOMRAM 000001
OpenADC@config           cstackCOMRAM 000005
OpenADC@config2          cstackCOMRAM 000001
OpenADC@portconfig       cstackCOMRAM 000002
OpenPWM1@period          cstackCOMRAM 000001
OpenTimer2@config        cstackCOMRAM 000001
OpenXLCD@lcdtype         cstackCOMRAM 000006
SetDCPWM1@DCycle         cstackCOMRAM 000005
SetDCPWM1@dutycycle      cstackCOMRAM 000001
SetDDRamAddr@DDaddr      cstackCOMRAM 000005
WriteCmdXLCD@cmd         cstackCOMRAM 000002
WriteDataXLCD@data       cstackCOMRAM 000002
_ADCON0                  (abs)        000FC2
_ADCON0bits              (abs)        000FC2
_ADCON1                  (abs)        000FC1
_ADCON2                  (abs)        000FC0
_ADRESH                  (abs)        000FC4
_ADRESL                  (abs)        000FC3
_BusyADC                 text26       0013DA
_BusyXLCD                text19       0012B0
_CCP1CON                 (abs)        000FBD
_CCPR1L                  (abs)        000FBE
_ConvertADC              text25       001406
_Delay10KTCYx            text18       001384
_Delay10TCYx             text21       0013BC
_Delay1KTCYx             text17       0013AC
_DelayFor18TCY           text20       0013F8
_DelayPORXLCD            text16       0013F0
_INTCONbits              (abs)        000FF2
_K                       dataBANK0    000069
_LATBbits                (abs)        000F8A
_OpenADC                 text24       00114A
_OpenPWM1                text23       00139A
_OpenTimer2              text22       001368
_OpenXLCD                text13       000F4C
_PIE1bits                (abs)        000F9D
_PIR1bits                (abs)        000F9E
_PORTB                   (abs)        000F81
_PR2                     (abs)        000FCB
_R_s                     dataCOMRAM   00005A
_ReadADC                 text12       0013CC
_SetDCPWM1               text11       001276
_SetDDRamAddr            text15       0011A8
_T                       dataCOMRAM   00005D
_T2CON                   (abs)        000FCA
_T2CONbits               (abs)        000FCA
_TMR2                    (abs)        000FCC
_TRISB                   (abs)        000F93
_TRISBbits               (abs)        000F93
_TRISC                   (abs)        000F94
_TRISCbits               (abs)        000F94
_WriteCmdXLCD            text14       001238
_WriteDataXLCD           text2        0011FA
__HRAM                   (abs)        000000
__Habs1                  abs1         000000
__Hbank0                 bank0        000000
__Hbank1                 bank1        000000
__Hbank2                 bank2        000000
__Hbank3                 bank3        000000
__Hbank4                 bank4        000000
__Hbank5                 bank5        000000
__Hbank6                 bank6        000000
__Hbank7                 bank7        000000
__Hbigbss                bigbss       000000
__Hbigdata               bigdata      000000
__Hbigram                bigram       000000
__Hbss                   bss          000000
__HbssBANK0              bssBANK0     000000
__HbssCOMRAM             bssCOMRAM    000000
__Hcinit                 cinit        000000
__Hclrtext               clrtext      000000
__Hcomram                comram       000000
__Hconfig                config       30000E
__Hconst                 const        000000
__HcstackCOMRAM          cstackCOMRAM 000000
__Hdata                  data         000000
__HdataBANK0             dataBANK0    000000
__HdataCOMRAM            dataCOMRAM   000000
__Heeprom_data           eeprom_data  000000
__Hend_init              end_init     000004
__Hfarbss                farbss       000000
__Hfardata               fardata      000000
__Hibigdata              ibigdata     000000
__Hidata                 idata        000000
__HidataBANK0            idataBANK0   000000
__HidataCOMRAM           idataCOMRAM  000000
__Hidloc                 idloc        200008
__Hifardata              ifardata     000000
__Hinit                  init         000000
__Hintcode               intcode      000000
__Hintcode_body          intcode_body 000000
__Hintcodelo             intcodelo    000000
__Hintentry              intentry     000000
__Hintret                intret       000000
__Hintsave_regs          intsave_regs 000000
__Hirdata                irdata       000000
__Hmediumconst           mediumconst  000000
__HnvFARRAM              nvFARRAM     000000
__Hnvbit                 nvbit        000000
__Hnvrram                nvrram       000000
__Hparam                 rparam       000000
__Hpowerup               powerup      000000
__Hram                   ram          000000
__Hramtop                ramtop       000800
__Hrbit                  rbit         000000
__Hrbss                  rbss         000000
__Hrdata                 rdata        000000
__Hreset_vec             reset_vec    000000
__Hrparam                rparam       000000
__Hsfr                   sfr          000000
__Hsmallconst            smallconst   000812
__Hspace_0               (abs)        30000E
__Hspace_1               (abs)        000072
__Hspace_2               (abs)        000000
__Hstack                 stack        000000
__Hstruct                struct       000000
__Htemp                  temp         000000
__Htext                  text         000000
__Htext0                 text0        000000
__Htext1                 text1        000000
__Htext10                text10       000000
__Htext11                text11       000000
__Htext12                text12       000000
__Htext13                text13       000000
__Htext14                text14       000000
__Htext15                text15       000000
__Htext16                text16       000000
__Htext17                text17       000000
__Htext18                text18       000000
__Htext19                text19       000000
__Htext2                 text2        000000
__Htext20                text20       000000
__Htext21                text21       000000
__Htext22                text22       000000
__Htext23                text23       000000
__Htext24                text24       000000
__Htext25                text25       000000
__Htext26                text26       000000
__Htext3                 text3        000000
__Htext4                 text4        000000
__Htext5                 text5        000000
__Htext6                 text6        000000
__Htext7                 text7        000000
__Htext8                 text8        000000
__Htext9                 text9        000000
__LRAM                   (abs)        000001
__Labs1                  abs1         000000
__Lbank0                 bank0        000000
__Lbank1                 bank1        000000
__Lbank2                 bank2        000000
__Lbank3                 bank3        000000
__Lbank4                 bank4        000000
__Lbank5                 bank5        000000
__Lbank6                 bank6        000000
__Lbank7                 bank7        000000
__Lbigbss                bigbss       000000
__Lbigdata               bigdata      000000
__Lbigram                bigram       000000
__Lbss                   bss          000000
__LbssBANK0              bssBANK0     000000
__LbssCOMRAM             bssCOMRAM    000000
__Lcinit                 cinit        000000
__Lclrtext               clrtext      000000
__Lcomram                comram       000000
__Lconfig                config       300000
__Lconst                 const        000000
__LcstackCOMRAM          cstackCOMRAM 000000
__Ldata                  data         000000
__LdataBANK0             dataBANK0    000000
__LdataCOMRAM            dataCOMRAM   000000
__Leeprom_data           eeprom_data  000000
__Lend_init              end_init     000000
__Lfarbss                farbss       000000
__Lfardata               fardata      000000
__Libigdata              ibigdata     000000
__Lidata                 idata        000000
__LidataBANK0            idataBANK0   000000
__LidataCOMRAM           idataCOMRAM  000000
__Lidloc                 idloc        200000
__Lifardata              ifardata     000000
__Linit                  init         000000
__Lintcode               intcode      000000
__Lintcode_body          intcode_body 000000
__Lintcodelo             intcodelo    000000
__Lintentry              intentry     000000
__Lintret                intret       000000
__Lintsave_regs          intsave_regs 000000
__Lirdata                irdata       000000
__Lmediumconst           mediumconst  000000
__LnvFARRAM              nvFARRAM     000000
__Lnvbit                 nvbit        000000
__Lnvrram                nvrram       000000
__Lparam                 rparam       000000
__Lpowerup               powerup      000000
__Lram                   ram          000000
__Lramtop                ramtop       000800
__Lrbit                  rbit         000000
__Lrbss                  rbss         000000
__Lrdata                 rdata        000000
__Lreset_vec             reset_vec    000000
__Lrparam                rparam       000000
__Lsfr                   sfr          000000
__Lsmallconst            smallconst   000800
__Lspace_0               (abs)        000000
__Lspace_1               (abs)        000000
__Lspace_2               (abs)        000000
__Lstack                 stack        000000
__Lstruct                struct       000000
__Ltemp                  temp         000000
__Ltext                  text         000000
__Ltext0                 text0        000000
__Ltext1                 text1        000000
__Ltext10                text10       000000
__Ltext11                text11       000000
__Ltext12                text12       000000
__Ltext13                text13       000000
__Ltext14                text14       000000
__Ltext15                text15       000000
__Ltext16                text16       000000
__Ltext17                text17       000000
__Ltext18                text18       000000
__Ltext19                text19       000000
__Ltext2                 text2        000000
__Ltext20                text20       000000
__Ltext21                text21       000000
__Ltext22                text22       000000
__Ltext23                text23       000000
__Ltext24                text24       000000
__Ltext25                text25       000000
__Ltext26                text26       000000
__Ltext3                 text3        000000
__Ltext4                 text4        000000
__Ltext5                 text5        000000
__Ltext6                 text6        000000
__Ltext7                 text7        000000
__Ltext8                 text8        000000
__Ltext9                 text9        000000
__S0                     (abs)        30000E
__S1                     (abs)        000072
__S2                     (abs)        000000
___awdiv                 text10       000FF0
___awdiv@counter         cstackCOMRAM 00000B
___awdiv@dividend        cstackCOMRAM 000007
___awdiv@divisor         cstackCOMRAM 000009
___awdiv@quotient        cstackCOMRAM 00000D
___awdiv@sign            cstackCOMRAM 00000C
___awmod                 text9        001074
___awmod@counter         cstackCOMRAM 000005
___awmod@dividend        cstackCOMRAM 000001
___awmod@divisor         cstackCOMRAM 000003
___awmod@sign            cstackCOMRAM 000006
___ftadd                 text7        000B18
___ftadd@exp1            cstackCOMRAM 000035
___ftadd@exp2            cstackCOMRAM 000034
___ftadd@f1              cstackCOMRAM 00002A
___ftadd@f2              cstackCOMRAM 00002D
___ftadd@sign            cstackCOMRAM 000033
___ftdiv                 text6        000DB8
___ftdiv@cntr            cstackCOMRAM 000021
___ftdiv@exp             cstackCOMRAM 000025
___ftdiv@f1              cstackCOMRAM 000018
___ftdiv@f2              cstackCOMRAM 00001B
___ftdiv@f3              cstackCOMRAM 000022
___ftdiv@sign            cstackCOMRAM 000026
___ftmul                 text5        000CC4
___ftmul@cntr            cstackCOMRAM 000016
___ftmul@exp             cstackCOMRAM 000012
___ftmul@f1              cstackCOMRAM 000009
___ftmul@f2              cstackCOMRAM 00000C
___ftmul@f3_as_product   cstackCOMRAM 000013
___ftmul@sign            cstackCOMRAM 000017
___ftneg                 text4        001344
___ftneg@f1              cstackCOMRAM 000027
___ftpack                text8        000E9E
___ftpack@arg            cstackCOMRAM 000001
___ftpack@exp            cstackCOMRAM 000004
___ftpack@sign           cstackCOMRAM 000005
___inthi_sp              stack        000000
___intlo_sp              stack        000000
___param_bank            (abs)        000010
___rparam_used           (abs)        000001
___sp                    stack        000000
___wmul                  text3        00131E
___wmul@multiplicand     cstackCOMRAM 000003
___wmul@multiplier       cstackCOMRAM 000001
___wmul@product          cstackCOMRAM 000005
__accesstop              (abs)        000060
__activetblptr           (abs)        000001
__end_of_BusyADC         text26       0013E6
__end_of_BusyXLCD        text19       0012EA
__end_of_ConvertADC      text25       00140A
__end_of_Delay10KTCYx    text18       00139A
__end_of_Delay10TCYx     text21       0013CC
__end_of_Delay1KTCYx     text17       0013BC
__end_of_DelayFor18TCY   text20       001400
__end_of_DelayPORXLCD    text16       0013F8
__end_of_OpenADC         text24       0011A8
__end_of_OpenPWM1        text23       0013AC
__end_of_OpenTimer2      text22       001384
__end_of_OpenXLCD        text13       000FF0
__end_of_ReadADC         text12       0013DA
__end_of_SetDCPWM1       text11       0012B0
__end_of_SetDDRamAddr    text15       0011FA
__end_of_WriteCmdXLCD    text14       001276
__end_of_WriteDataXLCD   text2        001238
__end_of___awdiv         text10       001074
__end_of___awmod         text9        0010E4
__end_of___ftadd         text7        000CC4
__end_of___ftdiv         text6        000E9E
__end_of___ftmul         text5        000DB8
__end_of___ftneg         text4        001368
__end_of___ftpack        text8        000F4C
__end_of___wmul          text3        001344
__end_of__initialization cinit        00113C
__end_of_main            text0        000B18
__end_of_putrsXLCD       text1        00131E
__initialization         cinit        0010E4
__mediumconst            mediumconst  000000
__pbssBANK0              bssBANK0     000060
__pbssCOMRAM             bssCOMRAM    00003C
__pcinit                 cinit        0010E4
__pcstackCOMRAM          cstackCOMRAM 000001
__pdataBANK0             dataBANK0    000069
__pdataCOMRAM            dataCOMRAM   00005A
__pidataBANK0            idataBANK0   0013E6
__pidataCOMRAM           idataCOMRAM  001400
__psmallconst            smallconst   000800
__ptext0                 text0        000812
__ptext1                 text1        0012EA
__ptext10                text10       000FF0
__ptext11                text11       001276
__ptext12                text12       0013CC
__ptext13                text13       000F4C
__ptext14                text14       001238
__ptext15                text15       0011A8
__ptext16                text16       0013F0
__ptext17                text17       0013AC
__ptext18                text18       001384
__ptext19                text19       0012B0
__ptext2                 text2        0011FA
__ptext20                text20       0013F8
__ptext21                text21       0013BC
__ptext22                text22       001368
__ptext23                text23       00139A
__ptext24                text24       00114A
__ptext25                text25       001406
__ptext26                text26       0013DA
__ptext3                 text3        00131E
__ptext4                 text4        001344
__ptext5                 text5        000CC4
__ptext6                 text6        000DB8
__ptext7                 text7        000B18
__ptext8                 text8        000E9E
__ptext9                 text9        001074
__ramtop                 ramtop       000800
__size_of_BusyADC        (abs)        000000
__size_of_BusyXLCD       (abs)        000000
__size_of_ConvertADC     (abs)        000000
__size_of_Delay10KTCYx   (abs)        000000
__size_of_Delay10TCYx    (abs)        000000
__size_of_Delay1KTCYx    (abs)        000000
__size_of_DelayFor18TCY  (abs)        000000
__size_of_DelayPORXLCD   (abs)        000000
__size_of_OpenADC        (abs)        000000
__size_of_OpenPWM1       (abs)        000000
__size_of_OpenTimer2     (abs)        000000
__size_of_OpenXLCD       (abs)        000000
__size_of_ReadADC        (abs)        000000
__size_of_SetDCPWM1      (abs)        000000
__size_of_SetDDRamAddr   (abs)        000000
__size_of_WriteCmdXLCD   (abs)        000000
__size_of_WriteDataXLCD  (abs)        000000
__size_of___awdiv        (abs)        000000
__size_of___awmod        (abs)        000000
__size_of___ftadd        (abs)        000000
__size_of___ftdiv        (abs)        000000
__size_of___ftmul        (abs)        000000
__size_of___ftneg        (abs)        000000
__size_of___ftpack       (abs)        000000
__size_of___wmul         (abs)        000000
__size_of_main           (abs)        000000
__size_of_putrsXLCD      (abs)        000000
__smallconst             smallconst   000800
_decena                  bssCOMRAM    000054
_e                       bssCOMRAM    00003C
_e_1                     bssCOMRAM    00003F
_e_2                     bssBANK0     000060
_kp                      bssCOMRAM    000042
_main                    text0        000812
_main$1559               cstackCOMRAM 000039
_putrsXLCD               text1        0012EA
_q0                      bssCOMRAM    000045
_q1                      bssCOMRAM    000048
_q2                      bssCOMRAM    00004B
_resultado               bssCOMRAM    000056
_tao                     dataBANK0    00006C
_td                      bssCOMRAM    00004E
_theta                   dataBANK0    00006F
_ti                      bssCOMRAM    000051
_u                       bssBANK0     000063
_u_1                     bssBANK0     000066
_unidad                  bssCOMRAM    000058
end_of_initialization    cinit        00113C
intlevel0                text         000000
intlevel1                text         000000
intlevel2                text         000000
intlevel3                text         000000
main@prescaler           cstackCOMRAM 000038
putrsXLCD@buffer         cstackCOMRAM 000003
stackhi                  (abs)        0007FF
stacklo                  (abs)        000072
start                    init         000000
start_initialization     cinit        0010E4


FUNCTION INFORMATION:

 *************** function _main *****************
 Defined at:
		line 38 in file "horno_main.c"
 Parameters:    Size  Location     Type
		None
 Auto vars:     Size  Location     Type
  prescaler       1   55[COMRAM] unsigned char 
 Return value:  Size  Location     Type
		None               void
 Registers used:
		wreg, status,2, status,0, tblptrl, tblptrh, tblptru, prodl, prodh, cstack
 Tracked objects:
		On entry : 
		On exit  : 
		Unchanged: 
 Data sizes:     COMRAM   BANK0   BANK1   BANK2   BANK3   BANK4   BANK5   BANK6   BANK7
      Params:         0       0       0       0       0       0       0       0       0
      Locals:         4       0       0       0       0       0       0       0       0
      Temps:          2       0       0       0       0       0       0       0       0
      Totals:         6       0       0       0       0       0       0       0       0
Total ram usage:        6 bytes
 Hardware stack levels required when called:    4
 This function calls:
		_BusyADC
		_BusyXLCD
		_ConvertADC
		_Delay10TCYx
		_OpenADC
		_OpenPWM1
		_OpenTimer2
		_OpenXLCD
		_ReadADC
		_SetDCPWM1
		_SetDDRamAddr
		_WriteCmdXLCD
		_WriteDataXLCD
		___awdiv
		___awmod
		___ftadd
		___ftdiv
		___ftmul
		___ftneg
		___wmul
		_putrsXLCD
 This function is called by:
		Startup code after reset
 This function uses a non-reentrant model


 *************** function _putrsXLCD *****************
 Defined at:
		line 16 in file "C:\Program Files (x86)\Microchip\xc8\v1.35\sources\pic18\plib\XLCD\putrxlcd.c"
 Parameters:    Size  Location     Type
  buffer          2    2[COMRAM] PTR const unsigned char 
		 -> STR_1(16), 
 Auto vars:     Size  Location     Type
		None
 Return value:  Size  Location     Type
		None               void
 Registers used:
		wreg, status,2, status,0, tblptrl, tblptrh, tblptru, cstack
 Tracked objects:
		On entry : 
		On exit  : 
		Unchanged: 
 Data sizes:     COMRAM   BANK0   BANK1   BANK2   BANK3   BANK4   BANK5   BANK6   BANK7
      Params:         2       0       0       0       0       0       0       0       0
      Locals:         0       0       0       0       0       0       0       0       0
      Temps:          0       0       0       0       0       0       0       0       0
      Totals:         2       0       0       0       0       0       0       0       0
Total ram usage:        2 bytes
 Hardware stack levels used:    1
 Hardware stack levels required when called:    3
 This function calls:
		_BusyXLCD
		_WriteDataXLCD
 This function is called by:
		_main
 This function uses a non-reentrant model


 *************** function _WriteDataXLCD *****************
 Defined at:
		line 16 in file "C:\Program Files (x86)\Microchip\xc8\v1.35\sources\pic18\plib\XLCD\writdata.c"
 Parameters:    Size  Location     Type
  data            1    wreg     unsigned char 
 Auto vars:     Size  Location     Type
  data            1    1[COMRAM] unsigned char 
 Return value:  Size  Location     Type
		None               void
 Registers used:
		wreg, status,2, status,0, cstack
 Tracked objects:
		On entry : 
		On exit  : 
		Unchanged: 
 Data sizes:     COMRAM   BANK0   BANK1   BANK2   BANK3   BANK4   BANK5   BANK6   BANK7
      Params:         0       0       0       0       0       0       0       0       0
      Locals:         1       0       0       0       0       0       0       0       0
      Temps:          0       0       0       0       0       0       0       0       0
      Totals:         1       0       0       0       0       0       0       0       0
Total ram usage:        1 bytes
 Hardware stack levels used:    1
 Hardware stack levels required when called:    2
 This function calls:
		_DelayFor18TCY
 This function is called by:
		_main
		_putrsXLCD
 This function uses a non-reentrant model


 *************** function ___wmul *****************
 Defined at:
		line 15 in file "C:\Program Files (x86)\Microchip\xc8\v1.35\sources\common\Umul16.c"
 Parameters:    Size  Location     Type
  multiplier      2    0[COMRAM] unsigned int 
  multiplicand    2    2[COMRAM] unsigned int 
 Auto vars:     Size  Location     Type
  product         2    4[COMRAM] unsigned int 
 Return value:  Size  Location     Type
                  2    0[COMRAM] unsigned int 
 Registers used:
		wreg, status,2, status,0, prodl, prodh
 Tracked objects:
		On entry : 
		On exit  : 
		Unchanged: 
 Data sizes:     COMRAM   BANK0   BANK1   BANK2   BANK3   BANK4   BANK5   BANK6   BANK7
      Params:         4       0       0       0       0       0       0       0       0
      Locals:         2       0       0       0       0       0       0       0       0
      Temps:          0       0       0       0       0       0       0       0       0
      Totals:         6       0       0       0       0       0       0       0       0
Total ram usage:        6 bytes
 Hardware stack levels used:    1
 This function calls:
		Nothing
 This function is called by:
		_main
 This function uses a non-reentrant model


 *************** function ___ftneg *****************
 Defined at:
		line 15 in file "C:\Program Files (x86)\Microchip\xc8\v1.35\sources\common\ftneg.c"
 Parameters:    Size  Location     Type
  f1              3   38[COMRAM] float 
 Auto vars:     Size  Location     Type
		None
 Return value:  Size  Location     Type
                  3   38[COMRAM] float 
 Registers used:
		wreg, status,2, status,0
 Tracked objects:
		On entry : 
		On exit  : 
		Unchanged: 
 Data sizes:     COMRAM   BANK0   BANK1   BANK2   BANK3   BANK4   BANK5   BANK6   BANK7
      Params:         3       0       0       0       0       0       0       0       0
      Locals:         0       0       0       0       0       0       0       0       0
      Temps:          0       0       0       0       0       0       0       0       0
      Totals:         3       0       0       0       0       0       0       0       0
Total ram usage:        3 bytes
 Hardware stack levels used:    1
 This function calls:
		Nothing
 This function is called by:
		_main
 This function uses a non-reentrant model


 *************** function ___ftmul *****************
 Defined at:
		line 62 in file "C:\Program Files (x86)\Microchip\xc8\v1.35\sources\common\ftmul.c"
 Parameters:    Size  Location     Type
  f1              3    8[COMRAM] float 
  f2              3   11[COMRAM] float 
 Auto vars:     Size  Location     Type
  f3_as_produc    3   18[COMRAM] unsigned um
  sign            1   22[COMRAM] unsigned char 
  cntr            1   21[COMRAM] unsigned char 
  exp             1   17[COMRAM] unsigned char 
 Return value:  Size  Location     Type
                  3    8[COMRAM] float 
 Registers used:
		wreg, status,2, status,0, cstack
 Tracked objects:
		On entry : 
		On exit  : 
		Unchanged: 
 Data sizes:     COMRAM   BANK0   BANK1   BANK2   BANK3   BANK4   BANK5   BANK6   BANK7
      Params:         6       0       0       0       0       0       0       0       0
      Locals:         6       0       0       0       0       0       0       0       0
      Temps:          3       0       0       0       0       0       0       0       0
      Totals:        15       0       0       0       0       0       0       0       0
Total ram usage:       15 bytes
 Hardware stack levels used:    1
 Hardware stack levels required when called:    1
 This function calls:
		___ftpack
 This function is called by:
		_main
 This function uses a non-reentrant model


 *************** function ___ftdiv *****************
 Defined at:
		line 54 in file "C:\Program Files (x86)\Microchip\xc8\v1.35\sources\common\ftdiv.c"
 Parameters:    Size  Location     Type
  f1              3   23[COMRAM] float 
  f2              3   26[COMRAM] float 
 Auto vars:     Size  Location     Type
  f3              3   33[COMRAM] float 
  sign            1   37[COMRAM] unsigned char 
  exp             1   36[COMRAM] unsigned char 
  cntr            1   32[COMRAM] unsigned char 
 Return value:  Size  Location     Type
                  3   23[COMRAM] float 
 Registers used:
		wreg, status,2, status,0, cstack
 Tracked objects:
		On entry : 
		On exit  : 
		Unchanged: 
 Data sizes:     COMRAM   BANK0   BANK1   BANK2   BANK3   BANK4   BANK5   BANK6   BANK7
      Params:         6       0       0       0       0       0       0       0       0
      Locals:         6       0       0       0       0       0       0       0       0
      Temps:          3       0       0       0       0       0       0       0       0
      Totals:        15       0       0       0       0       0       0       0       0
Total ram usage:       15 bytes
 Hardware stack levels used:    1
 Hardware stack levels required when called:    1
 This function calls:
		___ftpack
 This function is called by:
		_main
 This function uses a non-reentrant model


 *************** function ___ftadd *****************
 Defined at:
		line 86 in file "C:\Program Files (x86)\Microchip\xc8\v1.35\sources\common\ftadd.c"
 Parameters:    Size  Location     Type
  f1              3   41[COMRAM] float 
  f2              3   44[COMRAM] float 
 Auto vars:     Size  Location     Type
  exp1            1   52[COMRAM] unsigned char 
  exp2            1   51[COMRAM] unsigned char 
  sign            1   50[COMRAM] unsigned char 
 Return value:  Size  Location     Type
                  3   41[COMRAM] float 
 Registers used:
		wreg, status,2, status,0, cstack
 Tracked objects:
		On entry : 
		On exit  : 
		Unchanged: 
 Data sizes:     COMRAM   BANK0   BANK1   BANK2   BANK3   BANK4   BANK5   BANK6   BANK7
      Params:         6       0       0       0       0       0       0       0       0
      Locals:         3       0       0       0       0       0       0       0       0
      Temps:          3       0       0       0       0       0       0       0       0
      Totals:        12       0       0       0       0       0       0       0       0
Total ram usage:       12 bytes
 Hardware stack levels used:    1
 Hardware stack levels required when called:    1
 This function calls:
		___ftpack
 This function is called by:
		_main
 This function uses a non-reentrant model


 *************** function ___ftpack *****************
 Defined at:
		line 62 in file "C:\Program Files (x86)\Microchip\xc8\v1.35\sources\common\float.c"
 Parameters:    Size  Location     Type
  arg             3    0[COMRAM] unsigned um
  exp             1    3[COMRAM] unsigned char 
  sign            1    4[COMRAM] unsigned char 
 Auto vars:     Size  Location     Type
		None
 Return value:  Size  Location     Type
                  3    0[COMRAM] float 
 Registers used:
		wreg, status,2, status,0
 Tracked objects:
		On entry : 
		On exit  : 
		Unchanged: 
 Data sizes:     COMRAM   BANK0   BANK1   BANK2   BANK3   BANK4   BANK5   BANK6   BANK7
      Params:         5       0       0       0       0       0       0       0       0
      Locals:         0       0       0       0       0       0       0       0       0
      Temps:          3       0       0       0       0       0       0       0       0
      Totals:         8       0       0       0       0       0       0       0       0
Total ram usage:        8 bytes
 Hardware stack levels used:    1
 This function calls:
		Nothing
 This function is called by:
		___ftadd
		___ftdiv
		___ftmul
 This function uses a non-reentrant model


 *************** function ___awmod *****************
 Defined at:
		line 8 in file "C:\Program Files (x86)\Microchip\xc8\v1.35\sources\common\awmod.c"
 Parameters:    Size  Location     Type
  dividend        2    0[COMRAM] int 
  divisor         2    2[COMRAM] int 
 Auto vars:     Size  Location     Type
  sign            1    5[COMRAM] unsigned char 
  counter         1    4[COMRAM] unsigned char 
 Return value:  Size  Location     Type
                  2    0[COMRAM] int 
 Registers used:
		wreg, status,2, status,0
 Tracked objects:
		On entry : 
		On exit  : 
		Unchanged: 
 Data sizes:     COMRAM   BANK0   BANK1   BANK2   BANK3   BANK4   BANK5   BANK6   BANK7
      Params:         4       0       0       0       0       0       0       0       0
      Locals:         2       0       0       0       0       0       0       0       0
      Temps:          0       0       0       0       0       0       0       0       0
      Totals:         6       0       0       0       0       0       0       0       0
Total ram usage:        6 bytes
 Hardware stack levels used:    1
 This function calls:
		Nothing
 This function is called by:
		_main
 This function uses a non-reentrant model


 *************** function ___awdiv *****************
 Defined at:
		line 8 in file "C:\Program Files (x86)\Microchip\xc8\v1.35\sources\common\awdiv.c"
 Parameters:    Size  Location     Type
  dividend        2    6[COMRAM] int 
  divisor         2    8[COMRAM] int 
 Auto vars:     Size  Location     Type
  quotient        2   12[COMRAM] int 
  sign            1   11[COMRAM] unsigned char 
  counter         1   10[COMRAM] unsigned char 
 Return value:  Size  Location     Type
                  2    6[COMRAM] int 
 Registers used:
		wreg, status,2, status,0
 Tracked objects:
		On entry : 
		On exit  : 
		Unchanged: 
 Data sizes:     COMRAM   BANK0   BANK1   BANK2   BANK3   BANK4   BANK5   BANK6   BANK7
      Params:         4       0       0       0       0       0       0       0       0
      Locals:         4       0       0       0       0       0       0       0       0
      Temps:          0       0       0       0       0       0       0       0       0
      Totals:         8       0       0       0       0       0       0       0       0
Total ram usage:        8 bytes
 Hardware stack levels used:    1
 This function calls:
		Nothing
 This function is called by:
		_main
 This function uses a non-reentrant model


 *************** function _SetDCPWM1 *****************
 Defined at:
		line 7 in file "C:\Program Files (x86)\Microchip\xc8\v1.35\sources\pic18\plib\PWM\pw1setdc.c"
 Parameters:    Size  Location     Type
  dutycycle       2    0[COMRAM] unsigned int 
 Auto vars:     Size  Location     Type
  DCycle          2    4[COMRAM] struct PWMDC
 Return value:  Size  Location     Type
		None               void
 Registers used:
		wreg, status,2, status,0
 Tracked objects:
		On entry : 
		On exit  : 
		Unchanged: 
 Data sizes:     COMRAM   BANK0   BANK1   BANK2   BANK3   BANK4   BANK5   BANK6   BANK7
      Params:         2       0       0       0       0       0       0       0       0
      Locals:         2       0       0       0       0       0       0       0       0
      Temps:          2       0       0       0       0       0       0       0       0
      Totals:         6       0       0       0       0       0       0       0       0
Total ram usage:        6 bytes
 Hardware stack levels used:    1
 This function calls:
		Nothing
 This function is called by:
		_main
 This function uses a non-reentrant model


 *************** function _ReadADC *****************
 Defined at:
		line 24 in file "C:\Program Files (x86)\Microchip\xc8\v1.35\sources\pic18\plib\ADC\adcread.c"
 Parameters:    Size  Location     Type
		None
 Auto vars:     Size  Location     Type
		None
 Return value:  Size  Location     Type
                  2    0[COMRAM] int 
 Registers used:
		wreg, status,2
 Tracked objects:
		On entry : 
		On exit  : 
		Unchanged: 
 Data sizes:     COMRAM   BANK0   BANK1   BANK2   BANK3   BANK4   BANK5   BANK6   BANK7
      Params:         2       0       0       0       0       0       0       0       0
      Locals:         0       0       0       0       0       0       0       0       0
      Temps:          2       0       0       0       0       0       0       0       0
      Totals:         4       0       0       0       0       0       0       0       0
Total ram usage:        4 bytes
 Hardware stack levels used:    1
 This function calls:
		Nothing
 This function is called by:
		_main
 This function uses a non-reentrant model


 *************** function _OpenXLCD *****************
 Defined at:
		line 19 in file "C:\Program Files (x86)\Microchip\xc8\v1.35\sources\pic18\plib\XLCD\openxlcd.c"
 Parameters:    Size  Location     Type
  lcdtype         1    wreg     unsigned char 
 Auto vars:     Size  Location     Type
  lcdtype         1    5[COMRAM] unsigned char 
 Return value:  Size  Location     Type
		None               void
 Registers used:
		wreg, status,2, status,0, cstack
 Tracked objects:
		On entry : 
		On exit  : 
		Unchanged: 
 Data sizes:     COMRAM   BANK0   BANK1   BANK2   BANK3   BANK4   BANK5   BANK6   BANK7
      Params:         0       0       0       0       0       0       0       0       0
      Locals:         1       0       0       0       0       0       0       0       0
      Temps:          0       0       0       0       0       0       0       0       0
      Totals:         1       0       0       0       0       0       0       0       0
Total ram usage:        1 bytes
 Hardware stack levels used:    1
 Hardware stack levels required when called:    3
 This function calls:
		_BusyXLCD
		_Delay10KTCYx
		_DelayPORXLCD
		_SetDDRamAddr
		_WriteCmdXLCD
 This function is called by:
		_main
 This function uses a non-reentrant model


 *************** function _WriteCmdXLCD *****************
 Defined at:
		line 13 in file "C:\Program Files (x86)\Microchip\xc8\v1.35\sources\pic18\plib\XLCD\wcmdxlcd.c"
 Parameters:    Size  Location     Type
  cmd             1    wreg     unsigned char 
 Auto vars:     Size  Location     Type
  cmd             1    1[COMRAM] unsigned char 
 Return value:  Size  Location     Type
		None               void
 Registers used:
		wreg, status,2, status,0, cstack
 Tracked objects:
		On entry : 
		On exit  : 
		Unchanged: 
 Data sizes:     COMRAM   BANK0   BANK1   BANK2   BANK3   BANK4   BANK5   BANK6   BANK7
      Params:         0       0       0       0       0       0       0       0       0
      Locals:         1       0       0       0       0       0       0       0       0
      Temps:          0       0       0       0       0       0       0       0       0
      Totals:         1       0       0       0       0       0       0       0       0
Total ram usage:        1 bytes
 Hardware stack levels used:    1
 Hardware stack levels required when called:    2
 This function calls:
		_DelayFor18TCY
 This function is called by:
		_main
		_OpenXLCD
 This function uses a non-reentrant model


 *************** function _SetDDRamAddr *****************
 Defined at:
		line 13 in file "C:\Program Files (x86)\Microchip\xc8\v1.35\sources\pic18\plib\XLCD\setddram.c"
 Parameters:    Size  Location     Type
  DDaddr          1    wreg     unsigned char 
 Auto vars:     Size  Location     Type
  DDaddr          1    4[COMRAM] unsigned char 
 Return value:  Size  Location     Type
		None               void
 Registers used:
		wreg, status,2, status,0, cstack
 Tracked objects:
		On entry : 
		On exit  : 
		Unchanged: 
 Data sizes:     COMRAM   BANK0   BANK1   BANK2   BANK3   BANK4   BANK5   BANK6   BANK7
      Params:         0       0       0       0       0       0       0       0       0
      Locals:         1       0       0       0       0       0       0       0       0
      Temps:          3       0       0       0       0       0       0       0       0
      Totals:         4       0       0       0       0       0       0       0       0
Total ram usage:        4 bytes
 Hardware stack levels used:    1
 Hardware stack levels required when called:    2
 This function calls:
		_DelayFor18TCY
 This function is called by:
		_main
		_OpenXLCD
 This function uses a non-reentrant model


 *************** function _DelayPORXLCD *****************
 Defined at:
		line 96 in file "horno_main.c"
 Parameters:    Size  Location     Type
		None
 Auto vars:     Size  Location     Type
		None
 Return value:  Size  Location     Type
		None               void
 Registers used:
		wreg, cstack
 Tracked objects:
		On entry : 
		On exit  : 
		Unchanged: 
 Data sizes:     COMRAM   BANK0   BANK1   BANK2   BANK3   BANK4   BANK5   BANK6   BANK7
      Params:         0       0       0       0       0       0       0       0       0
      Locals:         0       0       0       0       0       0       0       0       0
      Temps:          0       0       0       0       0       0       0       0       0
      Totals:         0       0       0       0       0       0       0       0       0
Total ram usage:        0 bytes
 Hardware stack levels used:    1
 Hardware stack levels required when called:    1
 This function calls:
		_Delay1KTCYx
 This function is called by:
		_OpenXLCD
 This function uses a non-reentrant model


 *************** function _Delay1KTCYx *****************
 Defined at:
		line 8 in file "C:\Program Files (x86)\Microchip\xc8\v1.35\sources\pic18\d1ktcyx.c"
 Parameters:    Size  Location     Type
  unit            1    wreg     unsigned char 
 Auto vars:     Size  Location     Type
  unit            1    0[COMRAM] unsigned char 
 Return value:  Size  Location     Type
		None               void
 Registers used:
		wreg
 Tracked objects:
		On entry : 
		On exit  : 
		Unchanged: 
 Data sizes:     COMRAM   BANK0   BANK1   BANK2   BANK3   BANK4   BANK5   BANK6   BANK7
      Params:         0       0       0       0       0       0       0       0       0
      Locals:         1       0       0       0       0       0       0       0       0
      Temps:          0       0       0       0       0       0       0       0       0
      Totals:         1       0       0       0       0       0       0       0       0
Total ram usage:        1 bytes
 Hardware stack levels used:    1
 This function calls:
		Nothing
 This function is called by:
		_DelayPORXLCD
		_DelayXLCD
 This function uses a non-reentrant model


 *************** function _Delay10KTCYx *****************
 Defined at:
		line 8 in file "C:\Program Files (x86)\Microchip\xc8\v1.35\sources\pic18\d10ktcyx.c"
 Parameters:    Size  Location     Type
  unit            1    wreg     unsigned char 
 Auto vars:     Size  Location     Type
  unit            1    1[COMRAM] unsigned char 
 Return value:  Size  Location     Type
		None               void
 Registers used:
		wreg
 Tracked objects:
		On entry : 
		On exit  : 
		Unchanged: 
 Data sizes:     COMRAM   BANK0   BANK1   BANK2   BANK3   BANK4   BANK5   BANK6   BANK7
      Params:         0       0       0       0       0       0       0       0       0
      Locals:         1       0       0       0       0       0       0       0       0
      Temps:          1       0       0       0       0       0       0       0       0
      Totals:         2       0       0       0       0       0       0       0       0
Total ram usage:        2 bytes
 Hardware stack levels used:    1
 This function calls:
		Nothing
 This function is called by:
		_OpenXLCD
 This function uses a non-reentrant model


 *************** function _BusyXLCD *****************
 Defined at:
		line 11 in file "C:\Program Files (x86)\Microchip\xc8\v1.35\sources\pic18\plib\XLCD\busyxlcd.c"
 Parameters:    Size  Location     Type
		None
 Auto vars:     Size  Location     Type
		None
 Return value:  Size  Location     Type
                  1    wreg      unsigned char 
 Registers used:
		wreg, cstack
 Tracked objects:
		On entry : 
		On exit  : 
		Unchanged: 
 Data sizes:     COMRAM   BANK0   BANK1   BANK2   BANK3   BANK4   BANK5   BANK6   BANK7
      Params:         0       0       0       0       0       0       0       0       0
      Locals:         0       0       0       0       0       0       0       0       0
      Temps:          0       0       0       0       0       0       0       0       0
      Totals:         0       0       0       0       0       0       0       0       0
Total ram usage:        0 bytes
 Hardware stack levels used:    1
 Hardware stack levels required when called:    2
 This function calls:
		_DelayFor18TCY
 This function is called by:
		_main
		_OpenXLCD
		_putrsXLCD
 This function uses a non-reentrant model


 *************** function _DelayFor18TCY *****************
 Defined at:
		line 93 in file "horno_main.c"
 Parameters:    Size  Location     Type
		None
 Auto vars:     Size  Location     Type
		None
 Return value:  Size  Location     Type
		None               void
 Registers used:
		wreg, cstack
 Tracked objects:
		On entry : 
		On exit  : 
		Unchanged: 
 Data sizes:     COMRAM   BANK0   BANK1   BANK2   BANK3   BANK4   BANK5   BANK6   BANK7
      Params:         0       0       0       0       0       0       0       0       0
      Locals:         0       0       0       0       0       0       0       0       0
      Temps:          0       0       0       0       0       0       0       0       0
      Totals:         0       0       0       0       0       0       0       0       0
Total ram usage:        0 bytes
 Hardware stack levels used:    1
 Hardware stack levels required when called:    1
 This function calls:
		_Delay10TCYx
 This function is called by:
		_BusyXLCD
		_SetDDRamAddr
		_WriteCmdXLCD
		_WriteDataXLCD
 This function uses a non-reentrant model


 *************** function _Delay10TCYx *****************
 Defined at:
		line 8 in file "C:\Program Files (x86)\Microchip\xc8\v1.35\sources\pic18\d10tcyx.c"
 Parameters:    Size  Location     Type
  unit            1    wreg     unsigned char 
 Auto vars:     Size  Location     Type
  unit            1    0[COMRAM] unsigned char 
 Return value:  Size  Location     Type
		None               void
 Registers used:
		wreg
 Tracked objects:
		On entry : 
		On exit  : 
		Unchanged: 
 Data sizes:     COMRAM   BANK0   BANK1   BANK2   BANK3   BANK4   BANK5   BANK6   BANK7
      Params:         0       0       0       0       0       0       0       0       0
      Locals:         1       0       0       0       0       0       0       0       0
      Temps:          0       0       0       0       0       0       0       0       0
      Totals:         1       0       0       0       0       0       0       0       0
Total ram usage:        1 bytes
 Hardware stack levels used:    1
 This function calls:
		Nothing
 This function is called by:
		_main
		_DelayFor18TCY
 This function uses a non-reentrant model


 *************** function _OpenTimer2 *****************
 Defined at:
		line 17 in file "C:\Program Files (x86)\Microchip\xc8\v1.35\sources\pic18\plib\Timers\t2open.c"
 Parameters:    Size  Location     Type
  config          1    wreg     unsigned char 
 Auto vars:     Size  Location     Type
  config          1    0[COMRAM] unsigned char 
 Return value:  Size  Location     Type
		None               void
 Registers used:
		wreg, status,2, status,0
 Tracked objects:
		On entry : 
		On exit  : 
		Unchanged: 
 Data sizes:     COMRAM   BANK0   BANK1   BANK2   BANK3   BANK4   BANK5   BANK6   BANK7
      Params:         0       0       0       0       0       0       0       0       0
      Locals:         1       0       0       0       0       0       0       0       0
      Temps:          0       0       0       0       0       0       0       0       0
      Totals:         1       0       0       0       0       0       0       0       0
Total ram usage:        1 bytes
 Hardware stack levels used:    1
 This function calls:
		Nothing
 This function is called by:
		_main
 This function uses a non-reentrant model


 *************** function _OpenPWM1 *****************
 Defined at:
		line 8 in file "C:\Program Files (x86)\Microchip\xc8\v1.35\sources\pic18\plib\PWM\pw1open.c"
 Parameters:    Size  Location     Type
  period          1    wreg     unsigned char 
 Auto vars:     Size  Location     Type
  period          1    0[COMRAM] unsigned char 
 Return value:  Size  Location     Type
		None               void
 Registers used:
		wreg, status,2, status,0
 Tracked objects:
		On entry : 
		On exit  : 
		Unchanged: 
 Data sizes:     COMRAM   BANK0   BANK1   BANK2   BANK3   BANK4   BANK5   BANK6   BANK7
      Params:         0       0       0       0       0       0       0       0       0
      Locals:         1       0       0       0       0       0       0       0       0
      Temps:          0       0       0       0       0       0       0       0       0
      Totals:         1       0       0       0       0       0       0       0       0
Total ram usage:        1 bytes
 Hardware stack levels used:    1
 This function calls:
		Nothing
 This function is called by:
		_main
 This function uses a non-reentrant model


 *************** function _OpenADC *****************
 Defined at:
		line 68 in file "C:\Program Files (x86)\Microchip\xc8\v1.35\sources\pic18\plib\ADC\adcopen.c"
 Parameters:    Size  Location     Type
  config          1    wreg     unsigned char 
  config2         1    0[COMRAM] unsigned char 
  portconfig      1    1[COMRAM] unsigned char 
 Auto vars:     Size  Location     Type
  config          1    4[COMRAM] unsigned char 
 Return value:  Size  Location     Type
		None               void
 Registers used:
		wreg, status,2, status,0
 Tracked objects:
		On entry : 
		On exit  : 
		Unchanged: 
 Data sizes:     COMRAM   BANK0   BANK1   BANK2   BANK3   BANK4   BANK5   BANK6   BANK7
      Params:         2       0       0       0       0       0       0       0       0
      Locals:         1       0       0       0       0       0       0       0       0
      Temps:          2       0       0       0       0       0       0       0       0
      Totals:         5       0       0       0       0       0       0       0       0
Total ram usage:        5 bytes
 Hardware stack levels used:    1
 This function calls:
		Nothing
 This function is called by:
		_main
 This function uses a non-reentrant model


 *************** function _ConvertADC *****************
 Defined at:
		line 22 in file "C:\Program Files (x86)\Microchip\xc8\v1.35\sources\pic18\plib\ADC\adcconv.c"
 Parameters:    Size  Location     Type
		None
 Auto vars:     Size  Location     Type
		None
 Return value:  Size  Location     Type
		None               void
 Registers used:
		None
 Tracked objects:
		On entry : 
		On exit  : 
		Unchanged: 
 Data sizes:     COMRAM   BANK0   BANK1   BANK2   BANK3   BANK4   BANK5   BANK6   BANK7
      Params:         0       0       0       0       0       0       0       0       0
      Locals:         0       0       0       0       0       0       0       0       0
      Temps:          0       0       0       0       0       0       0       0       0
      Totals:         0       0       0       0       0       0       0       0       0
Total ram usage:        0 bytes
 Hardware stack levels used:    1
 This function calls:
		Nothing
 This function is called by:
		_main
 This function uses a non-reentrant model


 *************** function _BusyADC *****************
 Defined at:
		line 26 in file "C:\Program Files (x86)\Microchip\xc8\v1.35\sources\pic18\plib\ADC\adcbusy.c"
 Parameters:    Size  Location     Type
		None
 Auto vars:     Size  Location     Type
		None
 Return value:  Size  Location     Type
                  1    wreg      unsigned char 
 Registers used:
		wreg
 Tracked objects:
		On entry : 
		On exit  : 
		Unchanged: 
 Data sizes:     COMRAM   BANK0   BANK1   BANK2   BANK3   BANK4   BANK5   BANK6   BANK7
      Params:         0       0       0       0       0       0       0       0       0
      Locals:         0       0       0       0       0       0       0       0       0
      Temps:          0       0       0       0       0       0       0       0       0
      Totals:         0       0       0       0       0       0       0       0       0
Total ram usage:        0 bytes
 Hardware stack levels used:    1
 This function calls:
		Nothing
 This function is called by:
		_main
 This function uses a non-reentrant model



MODULE INFORMATION

Module		Function		Class		Link	Load	Size
horno_main.c
		_main          		CODE           	0812	0000	775
		_DelayFor18TCY 		CODE           	13F8	0000	9
		_DelayPORXLCD  		CODE           	13F0	0000	9

horno_main.c estimated size: 793

C:\Program Files (x86)\Microchip\xc8\v1.35\sources\common\awdiv.c
		___awdiv       		CODE           	0FF0	0000	133

C:\Program Files (x86)\Microchip\xc8\v1.35\sources\common\awdiv.c estimated size: 133

C:\Program Files (x86)\Microchip\xc8\v1.35\sources\common\ftadd.c
		___ftadd       		CODE           	0B18	0000	429

C:\Program Files (x86)\Microchip\xc8\v1.35\sources\common\ftadd.c estimated size: 429

C:\Program Files (x86)\Microchip\xc8\v1.35\sources\pic18\plib\ADC\adcbusy.c
		_BusyADC       		CODE           	13DA	0000	13

C:\Program Files (x86)\Microchip\xc8\v1.35\sources\pic18\plib\ADC\adcbusy.c estimated size: 13

C:\Program Files (x86)\Microchip\xc8\v1.35\sources\pic18\plib\PWM\pw1setdc.c
		_SetDCPWM1     		CODE           	1276	0000	59

C:\Program Files (x86)\Microchip\xc8\v1.35\sources\pic18\plib\PWM\pw1setdc.c estimated size: 59

C:\Program Files (x86)\Microchip\xc8\v1.35\sources\pic18\plib\XLCD\putrxlcd.c
		_putrsXLCD     		CODE           	12EA	0000	53

C:\Program Files (x86)\Microchip\xc8\v1.35\sources\pic18\plib\XLCD\putrxlcd.c estimated size: 53

C:\Program Files (x86)\Microchip\xc8\v1.35\sources\pic18\plib\ADC\adcread.c
		_ReadADC       		CODE           	13CC	0000	15

C:\Program Files (x86)\Microchip\xc8\v1.35\sources\pic18\plib\ADC\adcread.c estimated size: 15

C:\Program Files (x86)\Microchip\xc8\v1.35\sources\pic18\plib\XLCD\setddram.c
		_SetDDRamAddr  		CODE           	11A8	0000	83

C:\Program Files (x86)\Microchip\xc8\v1.35\sources\pic18\plib\XLCD\setddram.c estimated size: 83

C:\Program Files (x86)\Microchip\xc8\v1.35\sources\pic18\plib\XLCD\openxlcd.c
		_OpenXLCD      		CODE           	0F4C	0000	165

C:\Program Files (x86)\Microchip\xc8\v1.35\sources\pic18\plib\XLCD\openxlcd.c estimated size: 165

C:\Program Files (x86)\Microchip\xc8\v1.35\sources\common\ftneg.c
		___ftneg       		CODE           	1344	0000	37

C:\Program Files (x86)\Microchip\xc8\v1.35\sources\common\ftneg.c estimated size: 37

C:\Program Files (x86)\Microchip\xc8\v1.35\sources\common\float.c
		___ftpack      		CODE           	0E9E	0000	175

C:\Program Files (x86)\Microchip\xc8\v1.35\sources\common\float.c estimated size: 175

C:\Program Files (x86)\Microchip\xc8\v1.35\sources\pic18\plib\XLCD\busyxlcd.c
		_BusyXLCD      		CODE           	12B0	0000	59

C:\Program Files (x86)\Microchip\xc8\v1.35\sources\pic18\plib\XLCD\busyxlcd.c estimated size: 59

C:\Program Files (x86)\Microchip\xc8\v1.35\sources\pic18\d10tcyx.c
		_Delay10TCYx   		CODE           	13BC	0000	17

C:\Program Files (x86)\Microchip\xc8\v1.35\sources\pic18\d10tcyx.c estimated size: 17

C:\Program Files (x86)\Microchip\xc8\v1.35\sources\pic18\plib\Timers\t2open.c
		_OpenTimer2    		CODE           	1368	0000	29

C:\Program Files (x86)\Microchip\xc8\v1.35\sources\pic18\plib\Timers\t2open.c estimated size: 29

C:\Program Files (x86)\Microchip\xc8\v1.35\sources\pic18\plib\XLCD\wcmdxlcd.c
		_WriteCmdXLCD  		CODE           	1238	0000	63

C:\Program Files (x86)\Microchip\xc8\v1.35\sources\pic18\plib\XLCD\wcmdxlcd.c estimated size: 63

C:\Program Files (x86)\Microchip\xc8\v1.35\sources\pic18\plib\ADC\adcconv.c
		_ConvertADC    		CODE           	1406	0000	5

C:\Program Files (x86)\Microchip\xc8\v1.35\sources\pic18\plib\ADC\adcconv.c estimated size: 5

shared
		__initialization		CODE           	10E4	0000	89

shared estimated size: 89

C:\Program Files (x86)\Microchip\xc8\v1.35\sources\common\ftmul.c
		___ftmul       		CODE           	0CC4	0000	245

C:\Program Files (x86)\Microchip\xc8\v1.35\sources\common\ftmul.c estimated size: 245

C:\Program Files (x86)\Microchip\xc8\v1.35\sources\common\awmod.c
		___awmod       		CODE           	1074	0000	113

C:\Program Files (x86)\Microchip\xc8\v1.35\sources\common\awmod.c estimated size: 113

C:\Program Files (x86)\Microchip\xc8\v1.35\sources\pic18\d10ktcyx.c
		_Delay10KTCYx  		CODE           	1384	0000	23

C:\Program Files (x86)\Microchip\xc8\v1.35\sources\pic18\d10ktcyx.c estimated size: 23

C:\Program Files (x86)\Microchip\xc8\v1.35\sources\common\ftdiv.c
		___ftdiv       		CODE           	0DB8	0000	231

C:\Program Files (x86)\Microchip\xc8\v1.35\sources\common\ftdiv.c estimated size: 231

C:\Program Files (x86)\Microchip\xc8\v1.35\sources\pic18\plib\PWM\pw1open.c
		_OpenPWM1      		CODE           	139A	0000	19

C:\Program Files (x86)\Microchip\xc8\v1.35\sources\pic18\plib\PWM\pw1open.c estimated size: 19

C:\Program Files (x86)\Microchip\xc8\v1.35\sources\common\Umul16.c
		___wmul        		CODE           	131E	0000	39

C:\Program Files (x86)\Microchip\xc8\v1.35\sources\common\Umul16.c estimated size: 39

C:\Program Files (x86)\Microchip\xc8\v1.35\sources\pic18\d1ktcyx.c
		_Delay1KTCYx   		CODE           	13AC	0000	17

C:\Program Files (x86)\Microchip\xc8\v1.35\sources\pic18\d1ktcyx.c estimated size: 17

C:\Program Files (x86)\Microchip\xc8\v1.35\sources\pic18\plib\ADC\adcopen.c
		_OpenADC       		CODE           	114A	0000	95

C:\Program Files (x86)\Microchip\xc8\v1.35\sources\pic18\plib\ADC\adcopen.c estimated size: 95

C:\Program Files (x86)\Microchip\xc8\v1.35\sources\pic18\plib\XLCD\writdata.c
		_WriteDataXLCD 		CODE           	11FA	0000	63

C:\Program Files (x86)\Microchip\xc8\v1.35\sources\pic18\plib\XLCD\writdata.c estimated size: 63

